// Jest Snapshot v1, https://goo.gl/fbAQLP

exports[`Components > LoadingIndicator render Render a snapshot for LoadingIndicator use renderer 1`] = `<react-native-mock />`;
