// Jest Snapshot v1, https://goo.gl/fbAQLP

exports[`Screens > SplashScreen render Render a snapshot for SplashScreen use renderer 1`] = `
<SplashScreen>
  <View
    style={
      Object {
        "flex": 1,
      }
    }
  >
    <react-native-mock>
      <View
        style={
          Object {
            "alignItems": "center",
            "backgroundColor": "rgba(92,189,211,255)",
            "flex": 1,
            "justifyContent": "center",
          }
        }
      >
        <react-native-mock>
          <LoadingIndicator
            size="large"
          >
            <ActivityIndicator
              color={null}
              size="large"
              style={
                Object {
                  "margin": 20,
                }
              }
            >
              <react-native-mock />
            </ActivityIndicator>
          </LoadingIndicator>
          <Text
            style={
              Object {
                "color": "black",
                "fontSize": 14,
                "fontWeight": "bold",
              }
            }
          >
            <react-native-mock>
              Hello
            </react-native-mock>
          </Text>
        </react-native-mock>
      </View>
    </react-native-mock>
  </View>
</SplashScreen>
`;
